Component: ARM Compiler 5.06 update 7 (build 960) Tool: armlink [4d3601]

==============================================================================

Image Symbol Table

    Local Symbols

    Symbol Name                              Value     Ov Type        Size  Object(Section)

    RESET                                    0x00000000   Section      192  startup_cw32l010.o(RESET)
    ../clib/microlib/division.c              0x00000000   Number         0  uldiv.o ABSOLUTE
    ../clib/microlib/division.c              0x00000000   Number         0  uidiv.o ABSOLUTE
    ../clib/microlib/division.c              0x00000000   Number         0  idiv.o ABSOLUTE
    ../clib/microlib/division.c              0x00000000   Number         0  ldiv.o ABSOLUTE
    ../clib/microlib/init/entry.s            0x00000000   Number         0  entry7b.o ABSOLUTE
    ../clib/microlib/init/entry.s            0x00000000   Number         0  entry9b.o ABSOLUTE
    ../clib/microlib/init/entry.s            0x00000000   Number         0  entry5.o ABSOLUTE
    ../clib/microlib/init/entry.s            0x00000000   Number         0  entry10a.o ABSOLUTE
    ../clib/microlib/init/entry.s            0x00000000   Number         0  entry10b.o ABSOLUTE
    ../clib/microlib/init/entry.s            0x00000000   Number         0  entry.o ABSOLUTE
    ../clib/microlib/init/entry.s            0x00000000   Number         0  entry2.o ABSOLUTE
    ../clib/microlib/init/entry.s            0x00000000   Number         0  entry11a.o ABSOLUTE
    ../clib/microlib/init/entry.s            0x00000000   Number         0  entry12a.o ABSOLUTE
    ../clib/microlib/init/entry.s            0x00000000   Number         0  entry12b.o ABSOLUTE
    ../clib/microlib/init/entry.s            0x00000000   Number         0  entry7a.o ABSOLUTE
    ../clib/microlib/init/entry.s            0x00000000   Number         0  entry11b.o ABSOLUTE
    ../clib/microlib/init/entry.s            0x00000000   Number         0  entry9a.o ABSOLUTE
    ../clib/microlib/init/entry.s            0x00000000   Number         0  entry8b.o ABSOLUTE
    ../clib/microlib/init/entry.s            0x00000000   Number         0  entry8a.o ABSOLUTE
    ../clib/microlib/longlong.c              0x00000000   Number         0  llsshr.o ABSOLUTE
    ../clib/microlib/longlong.c              0x00000000   Number         0  llshl.o ABSOLUTE
    ../clib/microlib/longlong.c              0x00000000   Number         0  llushr.o ABSOLUTE
    ../clib/microlib/printf/printf.c         0x00000000   Number         0  printf1.o ABSOLUTE
    ../clib/microlib/printf/printf.c         0x00000000   Number         0  printf7.o ABSOLUTE
    ../clib/microlib/printf/printf.c         0x00000000   Number         0  printf2.o ABSOLUTE
    ../clib/microlib/printf/printf.c         0x00000000   Number         0  printfa.o ABSOLUTE
    ../clib/microlib/printf/printf.c         0x00000000   Number         0  printf8.o ABSOLUTE
    ../clib/microlib/printf/printf.c         0x00000000   Number         0  printf4.o ABSOLUTE
    ../clib/microlib/printf/printf.c         0x00000000   Number         0  printf3.o ABSOLUTE
    ../clib/microlib/printf/printf.c         0x00000000   Number         0  printfb.o ABSOLUTE
    ../clib/microlib/printf/printf.c         0x00000000   Number         0  printf0.o ABSOLUTE
    ../clib/microlib/printf/printf.c         0x00000000   Number         0  printf6.o ABSOLUTE
    ../clib/microlib/printf/printf.c         0x00000000   Number         0  printf5.o ABSOLUTE
    ../clib/microlib/printf/stubs.s          0x00000000   Number         0  stubs.o ABSOLUTE
    ../clib/microlib/stdio/streams.c         0x00000000   Number         0  stdout.o ABSOLUTE
    ../clib/microlib/string/memset.c         0x00000000   Number         0  memseta.o ABSOLUTE
    ../clib/microlib/stubs.s                 0x00000000   Number         0  iusefp.o ABSOLUTE
    ../fplib/microlib/d2f.c                  0x00000000   Number         0  d2f.o ABSOLUTE
    ../fplib/microlib/f2d.c                  0x00000000   Number         0  f2d.o ABSOLUTE
    ../fplib/microlib/fpadd.c                0x00000000   Number         0  fadd.o ABSOLUTE
    ../fplib/microlib/fpadd.c                0x00000000   Number         0  dadd.o ABSOLUTE
    ../fplib/microlib/fpdiv.c                0x00000000   Number         0  ddiv.o ABSOLUTE
    ../fplib/microlib/fpdiv.c                0x00000000   Number         0  fdiv.o ABSOLUTE
    ../fplib/microlib/fpepilogue.c           0x00000000   Number         0  depilogue.o ABSOLUTE
    ../fplib/microlib/fpepilogue.c           0x00000000   Number         0  fepilogue.o ABSOLUTE
    ../fplib/microlib/fpfix.c                0x00000000   Number         0  dfixul.o ABSOLUTE
    ../fplib/microlib/fpfix.c                0x00000000   Number         0  dfixui.o ABSOLUTE
    ../fplib/microlib/fpfix.c                0x00000000   Number         0  ffixui.o ABSOLUTE
    ../fplib/microlib/fpflt.c                0x00000000   Number         0  dfltui.o ABSOLUTE
    ../fplib/microlib/fpflt.c                0x00000000   Number         0  dflti.o ABSOLUTE
    ../fplib/microlib/fpflt.c                0x00000000   Number         0  ffltui.o ABSOLUTE
    ../fplib/microlib/fpmul.c                0x00000000   Number         0  dmul.o ABSOLUTE
    ../fplib/microlib/fpmul.c                0x00000000   Number         0  fmul.o ABSOLUTE
    ..\Libraries\Startup\startup_cw32l010.s  0x00000000   Number         0  startup_cw32l010.o ABSOLUTE
    ..\Libraries\src\cw32l010_adc.c          0x00000000   Number         0  cw32l010_adc.o ABSOLUTE
    ..\Libraries\src\cw32l010_atim.c         0x00000000   Number         0  cw32l010_atim.o ABSOLUTE
    ..\Libraries\src\cw32l010_btim.c         0x00000000   Number         0  cw32l010_btim.o ABSOLUTE
    ..\Libraries\src\cw32l010_crc.c          0x00000000   Number         0  cw32l010_crc.o ABSOLUTE
    ..\Libraries\src\cw32l010_debug.c        0x00000000   Number         0  cw32l010_debug.o ABSOLUTE
    ..\Libraries\src\cw32l010_digitalsign.c  0x00000000   Number         0  cw32l010_digitalsign.o ABSOLUTE
    ..\Libraries\src\cw32l010_flash.c        0x00000000   Number         0  cw32l010_flash.o ABSOLUTE
    ..\Libraries\src\cw32l010_gpio.c         0x00000000   Number         0  cw32l010_gpio.o ABSOLUTE
    ..\Libraries\src\cw32l010_gtim.c         0x00000000   Number         0  cw32l010_gtim.o ABSOLUTE
    ..\Libraries\src\cw32l010_i2c.c          0x00000000   Number         0  cw32l010_i2c.o ABSOLUTE
    ..\Libraries\src\cw32l010_iwdt.c         0x00000000   Number         0  cw32l010_iwdt.o ABSOLUTE
    ..\Libraries\src\cw32l010_lptim.c        0x00000000   Number         0  cw32l010_lptim.o ABSOLUTE
    ..\Libraries\src\cw32l010_lvd.c          0x00000000   Number         0  cw32l010_lvd.o ABSOLUTE
    ..\Libraries\src\cw32l010_pwr.c          0x00000000   Number         0  cw32l010_pwr.o ABSOLUTE
    ..\Libraries\src\cw32l010_ram.c          0x00000000   Number         0  cw32l010_ram.o ABSOLUTE
    ..\Libraries\src\cw32l010_rtc.c          0x00000000   Number         0  cw32l010_rtc.o ABSOLUTE
    ..\Libraries\src\cw32l010_spi.c          0x00000000   Number         0  cw32l010_spi.o ABSOLUTE
    ..\Libraries\src\cw32l010_sysctrl.c      0x00000000   Number         0  cw32l010_sysctrl.o ABSOLUTE
    ..\Libraries\src\cw32l010_systick.c      0x00000000   Number         0  cw32l010_systick.o ABSOLUTE
    ..\Libraries\src\cw32l010_uart.c         0x00000000   Number         0  cw32l010_uart.o ABSOLUTE
    ..\Libraries\src\cw32l010_vc.c           0x00000000   Number         0  cw32l010_vc.o ABSOLUTE
    ..\Libraries\src\i2c_eeprom.c            0x00000000   Number         0  i2c_eeprom.o ABSOLUTE
    ..\Libraries\src\system_cw32l010.c       0x00000000   Number         0  system_cw32l010.o ABSOLUTE
    ..\USER\src\User_adc.c                   0x00000000   Number         0  user_adc.o ABSOLUTE
    ..\USER\src\User_charger.c               0x00000000   Number         0  user_charger.o ABSOLUTE
    ..\USER\src\User_flash.c                 0x00000000   Number         0  user_flash.o ABSOLUTE
    ..\USER\src\User_gpio.c                  0x00000000   Number         0  user_gpio.o ABSOLUTE
    ..\USER\src\User_lcd.c                   0x00000000   Number         0  user_lcd.o ABSOLUTE
    ..\USER\src\User_printf.c                0x00000000   Number         0  user_printf.o ABSOLUTE
    ..\USER\src\User_protect.c               0x00000000   Number         0  user_protect.o ABSOLUTE
    ..\USER\src\User_pwm.c                   0x00000000   Number         0  user_pwm.o ABSOLUTE
    ..\USER\src\interrupts_cw32l010.c        0x00000000   Number         0  interrupts_cw32l010.o ABSOLUTE
    ..\USER\src\main.c                       0x00000000   Number         0  main.o ABSOLUTE
    ..\USER\src\task.c                       0x00000000   Number         0  task.o ABSOLUTE
    ..\\Libraries\\src\\cw32l010_adc.c       0x00000000   Number         0  cw32l010_adc.o ABSOLUTE
    ..\\Libraries\\src\\cw32l010_atim.c      0x00000000   Number         0  cw32l010_atim.o ABSOLUTE
    ..\\Libraries\\src\\cw32l010_btim.c      0x00000000   Number         0  cw32l010_btim.o ABSOLUTE
    ..\\Libraries\\src\\cw32l010_crc.c       0x00000000   Number         0  cw32l010_crc.o ABSOLUTE
    ..\\Libraries\\src\\cw32l010_debug.c     0x00000000   Number         0  cw32l010_debug.o ABSOLUTE
    ..\\Libraries\\src\\cw32l010_digitalsign.c 0x00000000   Number         0  cw32l010_digitalsign.o ABSOLUTE
    ..\\Libraries\\src\\cw32l010_flash.c     0x00000000   Number         0  cw32l010_flash.o ABSOLUTE
    ..\\Libraries\\src\\cw32l010_gpio.c      0x00000000   Number         0  cw32l010_gpio.o ABSOLUTE
    ..\\Libraries\\src\\cw32l010_gtim.c      0x00000000   Number         0  cw32l010_gtim.o ABSOLUTE
    ..\\Libraries\\src\\cw32l010_i2c.c       0x00000000   Number         0  cw32l010_i2c.o ABSOLUTE
    ..\\Libraries\\src\\cw32l010_iwdt.c      0x00000000   Number         0  cw32l010_iwdt.o ABSOLUTE
    ..\\Libraries\\src\\cw32l010_lptim.c     0x00000000   Number         0  cw32l010_lptim.o ABSOLUTE
    ..\\Libraries\\src\\cw32l010_lvd.c       0x00000000   Number         0  cw32l010_lvd.o ABSOLUTE
    ..\\Libraries\\src\\cw32l010_pwr.c       0x00000000   Number         0  cw32l010_pwr.o ABSOLUTE
    ..\\Libraries\\src\\cw32l010_ram.c       0x00000000   Number         0  cw32l010_ram.o ABSOLUTE
    ..\\Libraries\\src\\cw32l010_rtc.c       0x00000000   Number         0  cw32l010_rtc.o ABSOLUTE
    ..\\Libraries\\src\\cw32l010_spi.c       0x00000000   Number         0  cw32l010_spi.o ABSOLUTE
    ..\\Libraries\\src\\cw32l010_sysctrl.c   0x00000000   Number         0  cw32l010_sysctrl.o ABSOLUTE
    ..\\Libraries\\src\\cw32l010_systick.c   0x00000000   Number         0  cw32l010_systick.o ABSOLUTE
    ..\\Libraries\\src\\cw32l010_uart.c      0x00000000   Number         0  cw32l010_uart.o ABSOLUTE
    ..\\Libraries\\src\\cw32l010_vc.c        0x00000000   Number         0  cw32l010_vc.o ABSOLUTE
    ..\\Libraries\\src\\i2c_eeprom.c         0x00000000   Number         0  i2c_eeprom.o ABSOLUTE
    ..\\Libraries\\src\\system_cw32l010.c    0x00000000   Number         0  system_cw32l010.o ABSOLUTE
    ..\\USER\\src\\User_adc.c                0x00000000   Number         0  user_adc.o ABSOLUTE
    ..\\USER\\src\\User_charger.c            0x00000000   Number         0  user_charger.o ABSOLUTE
    ..\\USER\\src\\User_flash.c              0x00000000   Number         0  user_flash.o ABSOLUTE
    ..\\USER\\src\\User_gpio.c               0x00000000   Number         0  user_gpio.o ABSOLUTE
    ..\\USER\\src\\User_lcd.c                0x00000000   Number         0  user_lcd.o ABSOLUTE
    ..\\USER\\src\\User_printf.c             0x00000000   Number         0  user_printf.o ABSOLUTE
    ..\\USER\\src\\User_protect.c            0x00000000   Number         0  user_protect.o ABSOLUTE
    ..\\USER\\src\\User_pwm.c                0x00000000   Number         0  user_pwm.o ABSOLUTE
    ..\\USER\\src\\interrupts_cw32l010.c     0x00000000   Number         0  interrupts_cw32l010.o ABSOLUTE
    ..\\USER\\src\\main.c                    0x00000000   Number         0  main.o ABSOLUTE
    ..\\USER\\src\\task.c                    0x00000000   Number         0  task.o ABSOLUTE
    cdrcmple.s                               0x00000000   Number         0  cdrcmple.o ABSOLUTE
    cfcmple.s                                0x00000000   Number         0  cfcmple.o ABSOLUTE
    cfrcmple.s                               0x00000000   Number         0  cfrcmple.o ABSOLUTE
    dc.s                                     0x00000000   Number         0  dc.o ABSOLUTE
    handlers.s                               0x00000000   Number         0  handlers.o ABSOLUTE
    init.s                                   0x00000000   Number         0  init.o ABSOLUTE
    .ARM.Collect$$$$00000000                 0x000000c0   Section        0  entry.o(.ARM.Collect$$$$00000000)
    .ARM.Collect$$$$00000001                 0x000000c0   Section        4  entry2.o(.ARM.Collect$$$$00000001)
    .ARM.Collect$$$$00000004                 0x000000c4   Section        4  entry5.o(.ARM.Collect$$$$00000004)
    .ARM.Collect$$$$00000008                 0x000000c8   Section        0  entry7b.o(.ARM.Collect$$$$00000008)
    .ARM.Collect$$$$0000000A                 0x000000c8   Section        0  entry8b.o(.ARM.Collect$$$$0000000A)
    .ARM.Collect$$$$0000000B                 0x000000c8   Section        8  entry9a.o(.ARM.Collect$$$$0000000B)
    .ARM.Collect$$$$0000000E                 0x000000d0   Section        4  entry12b.o(.ARM.Collect$$$$0000000E)
    .ARM.Collect$$$$0000000F                 0x000000d4   Section        0  entry10a.o(.ARM.Collect$$$$0000000F)
    .ARM.Collect$$$$00000011                 0x000000d4   Section        0  entry11a.o(.ARM.Collect$$$$00000011)
    .ARM.Collect$$$$00002712                 0x000000d4   Section        4  entry2.o(.ARM.Collect$$$$00002712)
    __lit__00000000                          0x000000d4   Data           4  entry2.o(.ARM.Collect$$$$00002712)
    .text                                    0x000000d8   Section       40  startup_cw32l010.o(.text)
    .text                                    0x00000100   Section        0  uidiv.o(.text)
    .text                                    0x0000012c   Section        0  idiv.o(.text)
    .text                                    0x00000154   Section        0  memseta.o(.text)
    .text                                    0x00000178   Section        0  fmul.o(.text)
    .text                                    0x000001f2   Section        0  fdiv.o(.text)
    .text                                    0x00000270   Section        0  dadd.o(.text)
    .text                                    0x000003d8   Section        0  dmul.o(.text)
    .text                                    0x000004a8   Section        0  ffltui.o(.text)
    .text                                    0x000004b8   Section        0  dflti.o(.text)
    .text                                    0x000004e0   Section        0  ffixui.o(.text)
    .text                                    0x00000508   Section        0  dfixui.o(.text)
    .text                                    0x00000544   Section        0  f2d.o(.text)
    .text                                    0x0000056c   Section        0  d2f.o(.text)
    .text                                    0x000005a4   Section       20  cfcmple.o(.text)
    .text                                    0x000005b8   Section       20  cfrcmple.o(.text)
    .text                                    0x000005cc   Section        0  llshl.o(.text)
    .text                                    0x000005ec   Section        0  llushr.o(.text)
    .text                                    0x0000060e   Section        0  llsshr.o(.text)
    .text                                    0x00000634   Section        0  iusefp.o(.text)
    .text                                    0x00000634   Section        0  fepilogue.o(.text)
    .text                                    0x000006b6   Section        0  depilogue.o(.text)
    .text                                    0x00000774   Section       36  init.o(.text)
    i.ADC_ClearITPendingAll                  0x00000798   Section        0  cw32l010_adc.o(i.ADC_ClearITPendingAll)
    i.ADC_Enable                             0x000007a4   Section        0  cw32l010_adc.o(i.ADC_Enable)
    i.ADC_GetSqr0Result                      0x000007b8   Section        0  cw32l010_adc.o(i.ADC_GetSqr0Result)
    i.ADC_GetSqr1Result                      0x000007cc   Section        0  cw32l010_adc.o(i.ADC_GetSqr1Result)
    i.ADC_GetSqr2Result                      0x000007e0   Section        0  cw32l010_adc.o(i.ADC_GetSqr2Result)
    i.ADC_GetSqr3Result                      0x000007f4   Section        0  cw32l010_adc.o(i.ADC_GetSqr3Result)
    i.ADC_IRQHandler                         0x00000808   Section        0  interrupts_cw32l010.o(i.ADC_IRQHandler)
    i.ADC_ITConfig                           0x0000082c   Section        0  cw32l010_adc.o(i.ADC_ITConfig)
    i.ADC_Init                               0x000008a0   Section        0  cw32l010_adc.o(i.ADC_Init)
    i.ADC_SoftwareStartConvCmd               0x00000a9c   Section        0  cw32l010_adc.o(i.ADC_SoftwareStartConvCmd)
    i.ALL_LEDOFF                             0x00000afc   Section        0  user_gpio.o(i.ALL_LEDOFF)
    i.ALL_LEDON                              0x00000b08   Section        0  user_gpio.o(i.ALL_LEDON)
    i.ATIM_IRQHandler                        0x00000b40   Section        0  interrupts_cw32l010.o(i.ATIM_IRQHandler)
    i.BTIM1_IRQHandler                       0x00000b42   Section        0  interrupts_cw32l010.o(i.BTIM1_IRQHandler)
    i.BTIM2_IRQHandler                       0x00000b44   Section        0  interrupts_cw32l010.o(i.BTIM2_IRQHandler)
    i.BTIM3_IRQHandler                       0x00000b46   Section        0  interrupts_cw32l010.o(i.BTIM3_IRQHandler)
    i.BatteryStatus                          0x00000b48   Section        0  user_lcd.o(i.BatteryStatus)
    i.ButtonTask                             0x00000ed0   Section        0  user_gpio.o(i.ButtonTask)
    i.CLKFAULT_IRQHandler                    0x00000fb8   Section        0  interrupts_cw32l010.o(i.CLKFAULT_IRQHandler)
    i.ChargeStart                            0x00000fba   Section        0  user_charger.o(i.ChargeStart)
    i.ChargeStop                             0x00000fd6   Section        0  user_charger.o(i.ChargeStop)
    i.ChargingProgram                        0x00000ff4   Section        0  user_charger.o(i.ChargingProgram)
    i.ClearScreen                            0x0000106c   Section        0  user_lcd.o(i.ClearScreen)
    i.ControlPWM_Init                        0x00001090   Section        0  user_charger.o(i.ControlPWM_Init)
    i.CurrentCalculate                       0x000010bc   Section        0  user_adc.o(i.CurrentCalculate)
    i.CurrentControl                         0x00001148   Section        0  user_pwm.o(i.CurrentControl)
    i.CurrentSample                          0x000011c8   Section        0  user_adc.o(i.CurrentSample)
    i.FEE_init                               0x0000120c   Section        0  user_flash.o(i.FEE_init)
    i.FEE_rd                                 0x0000132c   Section        0  user_flash.o(i.FEE_rd)
    i.FEE_wr                                 0x0000133c   Section        0  user_flash.o(i.FEE_wr)
    i.FEEeof                                 0x000013c4   Section        0  user_flash.o(i.FEEeof)
    FEEeof                                   0x000013c5   Thumb Code    48  user_flash.o(i.FEEeof)
    i.FEEerase                               0x000013fc   Section        0  user_flash.o(i.FEEerase)
    FEEerase                                 0x000013fd   Thumb Code    64  user_flash.o(i.FEEerase)
    i.FEEerase_put                           0x00001444   Section        0  user_flash.o(i.FEEerase_put)
    FEEerase_put                             0x00001445   Thumb Code    18  user_flash.o(i.FEEerase_put)
    i.FEEextr                                0x00001458   Section        0  user_flash.o(i.FEEextr)
    FEEextr                                  0x00001459   Thumb Code    64  user_flash.o(i.FEEextr)
    i.FEEput                                 0x000014a4   Section        0  user_flash.o(i.FEEput)
    FEEput                                   0x000014a5   Thumb Code   146  user_flash.o(i.FEEput)
    i.FLASHRAM_IRQHandler                    0x00001550   Section        0  interrupts_cw32l010.o(i.FLASHRAM_IRQHandler)
    i.FaultCheck                             0x00001554   Section        0  user_protect.o(i.FaultCheck)
    i.FillScreen                             0x000017c0   Section        0  user_lcd.o(i.FillScreen)
    i.GPIOA_IRQHandler                       0x000017e8   Section        0  interrupts_cw32l010.o(i.GPIOA_IRQHandler)
    i.GPIOB_IRQHandler                       0x000017ea   Section        0  interrupts_cw32l010.o(i.GPIOB_IRQHandler)
    i.GPIO_Configuration                     0x000017ec   Section        0  user_pwm.o(i.GPIO_Configuration)
    i.GPIO_DeInit                            0x00001878   Section        0  cw32l010_gpio.o(i.GPIO_DeInit)
    i.GPIO_Init                              0x000018a0   Section        0  cw32l010_gpio.o(i.GPIO_Init)
    i.GPIO_RST2GPIO                          0x00001978   Section        0  cw32l010_gpio.o(i.GPIO_RST2GPIO)
    i.GPIO_ReadPin                           0x00001990   Section        0  cw32l010_gpio.o(i.GPIO_ReadPin)
    i.GPIO_WritePin                          0x000019a2   Section        0  cw32l010_gpio.o(i.GPIO_WritePin)
    i.GTIM1_IRQHandler                       0x000019ae   Section        0  interrupts_cw32l010.o(i.GTIM1_IRQHandler)
    i.GTIM_Cmd                               0x000019b0   Section        0  cw32l010_gtim.o(i.GTIM_Cmd)
    i.GTIM_GetCapture2                       0x00001a14   Section        0  cw32l010_gtim.o(i.GTIM_GetCapture2)
    i.GTIM_GetCapture3                       0x00001a5c   Section        0  cw32l010_gtim.o(i.GTIM_GetCapture3)
    i.GTIM_OC2Cmd                            0x00001aa4   Section        0  cw32l010_gtim.o(i.GTIM_OC2Cmd)
    i.GTIM_OC2ModeCfg                        0x00001b08   Section        0  cw32l010_gtim.o(i.GTIM_OC2ModeCfg)
    i.GTIM_OC3Cmd                            0x00001c18   Section        0  cw32l010_gtim.o(i.GTIM_OC3Cmd)
    i.GTIM_OC3ModeCfg                        0x00001c80   Section        0  cw32l010_gtim.o(i.GTIM_OC3ModeCfg)
    i.GTIM_SetCompare2                       0x00001d8c   Section        0  cw32l010_gtim.o(i.GTIM_SetCompare2)
    i.GTIM_SetCompare3                       0x00001dd4   Section        0  cw32l010_gtim.o(i.GTIM_SetCompare3)
    i.GTIM_TimeBaseInit                      0x00001e18   Section        0  cw32l010_gtim.o(i.GTIM_TimeBaseInit)
    i.GetSysTime                             0x00001f30   Section        0  user_gpio.o(i.GetSysTime)
    i.GetTick                                0x00001f38   Section        0  cw32l010_systick.o(i.GetTick)
    i.HandleLongPressImmediate               0x00001f44   Section        0  user_gpio.o(i.HandleLongPressImmediate)
    i.HandleShortPress                       0x00001fa0   Section        0  user_gpio.o(i.HandleShortPress)
    i.HardFault_Handler                      0x0000206c   Section        0  interrupts_cw32l010.o(i.HardFault_Handler)
    i.I2C1_IRQHandler                        0x00002070   Section        0  interrupts_cw32l010.o(i.I2C1_IRQHandler)
    i.IWDT_Init                              0x00002074   Section        0  cw32l010_iwdt.o(i.IWDT_Init)
    i.IWDT_Refresh                           0x000021b4   Section        0  cw32l010_iwdt.o(i.IWDT_Refresh)
    i.IWDT_SetPeriod                         0x000021c4   Section        0  cw32l010_iwdt.o(i.IWDT_SetPeriod)
    i.InitTick                               0x00002268   Section        0  cw32l010_systick.o(i.InitTick)
    i.LPTIM_IRQHandler                       0x000022d4   Section        0  interrupts_cw32l010.o(i.LPTIM_IRQHandler)
    i.LVD_IRQHandler                         0x000022d6   Section        0  interrupts_cw32l010.o(i.LVD_IRQHandler)
    i.LcdInit                                0x000022d8   Section        0  user_lcd.o(i.LcdInit)
    i.Li_battery_mode_Charger                0x00002350   Section        0  user_charger.o(i.Li_battery_mode_Charger)
    i.Motorcycle_ledon                       0x00002688   Section        0  user_gpio.o(i.Motorcycle_ledon)
    i.NMI_Handler                            0x00002696   Section        0  interrupts_cw32l010.o(i.NMI_Handler)
    i.NO1_8_OFF                              0x00002698   Section        0  user_lcd.o(i.NO1_8_OFF)
    i.NO2_8_OFF                              0x000026b0   Section        0  user_lcd.o(i.NO2_8_OFF)
    i.NO3_8_OFF                              0x000026c8   Section        0  user_lcd.o(i.NO3_8_OFF)
    i.PWMControl_Init                        0x000026e0   Section        0  user_charger.o(i.PWMControl_Init)
    i.PWM_OutputConfig                       0x000026ec   Section        0  user_pwm.o(i.PWM_OutputConfig)
    i.PendSV_Handler                         0x00002798   Section        0  interrupts_cw32l010.o(i.PendSV_Handler)
    i.Power_supply_mode_Charger              0x0000279c   Section        0  user_charger.o(i.Power_supply_mode_Charger)
    i.RTC_IRQHandler                         0x0000285c   Section        0  interrupts_cw32l010.o(i.RTC_IRQHandler)
    i.Repair_mode_Charger                    0x00002860   Section        0  user_charger.o(i.Repair_mode_Charger)
    i.SIX_ledon                              0x000029d8   Section        0  user_gpio.o(i.SIX_ledon)
    i.SIX_mode_Charger                       0x000029e8   Section        0  user_charger.o(i.SIX_mode_Charger)
    i.SPI1_IRQHandler                        0x00002a98   Section        0  interrupts_cw32l010.o(i.SPI1_IRQHandler)
    i.SVC_Handler                            0x00002a9a   Section        0  interrupts_cw32l010.o(i.SVC_Handler)
    i.SYSCTRL_GetHClkFreq                    0x00002a9c   Section        0  cw32l010_sysctrl.o(i.SYSCTRL_GetHClkFreq)
    i.SYSCTRL_HCLKPRS_Config                 0x00002b1c   Section        0  cw32l010_sysctrl.o(i.SYSCTRL_HCLKPRS_Config)
    i.SYSCTRL_HSI_Enable                     0x00002b90   Section        0  cw32l010_sysctrl.o(i.SYSCTRL_HSI_Enable)
    i.SYSCTRL_IRQHandler                     0x00002cb0   Section        0  interrupts_cw32l010.o(i.SYSCTRL_IRQHandler)
    i.SYSCTRL_LSI_Enable                     0x00002cb4   Section        0  cw32l010_sysctrl.o(i.SYSCTRL_LSI_Enable)
    i.SYSCTRL_PCLKPRS_Config                 0x00002d10   Section        0  cw32l010_sysctrl.o(i.SYSCTRL_PCLKPRS_Config)
    i.SYSCTRL_SYSCLKSRC_Config               0x00002d84   Section        0  cw32l010_sysctrl.o(i.SYSCTRL_SYSCLKSRC_Config)
    i.SYSCTRL_SystemCoreClockUpdate          0x00002df0   Section        0  cw32l010_sysctrl.o(i.SYSCTRL_SystemCoreClockUpdate)
    i.Screen_refresh                         0x00002dfc   Section        0  user_lcd.o(i.Screen_refresh)
    i.Sealed_ledon                           0x000033b8   Section        0  user_gpio.o(i.Sealed_ledon)
    i.Sealed_mode_Charger                    0x000033c8   Section        0  user_charger.o(i.Sealed_mode_Charger)
    i.SendCommand                            0x0000373c   Section        0  user_lcd.o(i.SendCommand)
    i.SendData                               0x0000376a   Section        0  user_lcd.o(i.SendData)
    i.SendHighBits                           0x000037a4   Section        0  user_lcd.o(i.SendHighBits)
    i.SendLowBits                            0x000037f4   Section        0  user_lcd.o(i.SendLowBits)
    i.SetChargeCurrent                       0x00003844   Section        0  user_pwm.o(i.SetChargeCurrent)
    i.SetChargerVoltage                      0x000038e4   Section        0  user_pwm.o(i.SetChargerVoltage)
    i.SetChargerVoltage1                     0x00003904   Section        0  user_pwm.o(i.SetChargerVoltage1)
    i.SetSegs                                0x00003954   Section        0  user_lcd.o(i.SetSegs)
    i.Start_stop_ledon                       0x00003990   Section        0  user_gpio.o(i.Start_stop_ledon)
    i.Start_stop_mode_Charger                0x000039a0   Section        0  user_charger.o(i.Start_stop_mode_Charger)
    i.SysTickDelay                           0x00003d14   Section        0  cw32l010_systick.o(i.SysTickDelay)
    i.SysTick_Handler                        0x00003d40   Section        0  cw32l010_systick.o(i.SysTick_Handler)
    i.SystemCoreClockUpdate                  0x00003d80   Section        0  system_cw32l010.o(i.SystemCoreClockUpdate)
    i.SystemInit                             0x00003d90   Section        0  system_cw32l010.o(i.SystemInit)
    i.TM1621_Init                            0x00003dcc   Section        0  user_lcd.o(i.TM1621_Init)
    i.Task0                                  0x00003e48   Section        0  task.o(i.Task0)
    i.Task1                                  0x00003e5c   Section        0  task.o(i.Task1)
    i.Task2                                  0x00003e78   Section        0  task.o(i.Task2)
    i.Task3                                  0x00003e8c   Section        0  task.o(i.Task3)
    i.Task4                                  0x00003ea0   Section        0  task.o(i.Task4)
    i.Task5                                  0x00003ee0   Section        0  task.o(i.Task5)
    i.Task6                                  0x00003ef4   Section        0  task.o(i.Task6)
    i.TaskDelayInit                          0x00003f04   Section        0  task.o(i.TaskDelayInit)
    i.TemperatureSample                      0x00003f44   Section        0  user_adc.o(i.TemperatureSample)
    i.UART1_IRQHandler                       0x00003fac   Section        0  interrupts_cw32l010.o(i.UART1_IRQHandler)
    i.UART2_IRQHandler                       0x00003fae   Section        0  interrupts_cw32l010.o(i.UART2_IRQHandler)
    i.User_ADC_Sample                        0x00003fb0   Section        0  user_adc.o(i.User_ADC_Sample)
    i.User_adc_init                          0x00004040   Section        0  user_adc.o(i.User_adc_init)
    i.User_gpio_init                         0x0000412c   Section        0  user_gpio.o(i.User_gpio_init)
    i.VC1_IRQHandler                         0x000041c4   Section        0  interrupts_cw32l010.o(i.VC1_IRQHandler)
    i.VC2_IRQHandler                         0x000041c6   Section        0  interrupts_cw32l010.o(i.VC2_IRQHandler)
    i.VoltageCalculate                       0x000041c8   Section        0  user_adc.o(i.VoltageCalculate)
    i.VoltageFilter                          0x00004254   Section        0  user_pwm.o(i.VoltageFilter)
    i.VoltageSample                          0x000042a0   Section        0  user_adc.o(i.VoltageSample)
    i.WDT_IRQHandler                         0x00004320   Section        0  interrupts_cw32l010.o(i.WDT_IRQHandler)
    i.__ARM_clz                              0x00004322   Section        0  depilogue.o(i.__ARM_clz)
    i.__ARM_common_switch8                   0x00004350   Section        0  main.o(i.__ARM_common_switch8)
    i.__NVIC_SetPriority                     0x0000436c   Section        0  cw32l010_systick.o(i.__NVIC_SetPriority)
    __NVIC_SetPriority                       0x0000436d   Thumb Code   110  cw32l010_systick.o(i.__NVIC_SetPriority)
    i.__scatterload_copy                     0x000043e4   Section       14  handlers.o(i.__scatterload_copy)
    i.__scatterload_null                     0x000043f2   Section        2  handlers.o(i.__scatterload_null)
    i.__scatterload_zeroinit                 0x000043f4   Section       14  handlers.o(i.__scatterload_zeroinit)
    i.assert_failed                          0x00004402   Section        0  main.o(i.assert_failed)
    i.bsp_init                               0x00004404   Section        0  main.o(i.bsp_init)
    i.calculateTemperature                   0x00004488   Section        0  user_adc.o(i.calculateTemperature)
    i.decimal_display                        0x000044bc   Section        0  user_lcd.o(i.decimal_display)
    i.display                                0x00004600   Section        0  user_lcd.o(i.display)
    i.led1_deint                             0x0000464c   Section        0  user_gpio.o(i.led1_deint)
    i.led1_init                              0x0000465c   Section        0  user_gpio.o(i.led1_init)
    i.led2_deint                             0x00004698   Section        0  user_gpio.o(i.led2_deint)
    i.led2_init                              0x000046a6   Section        0  user_gpio.o(i.led2_init)
    i.main                                   0x000046e4   Section        0  main.o(i.main)
    i.protect                                0x0000474c   Section        0  user_protect.o(i.protect)
    i.tens_display                           0x00004828   Section        0  user_lcd.o(i.tens_display)
    i.units_display                          0x00004934   Section        0  user_lcd.o(i.units_display)
    .constdata                               0x00004a54   Section       64  cw32l010_sysctrl.o(.constdata)
    .data                                    0x20000000   Section       21  user_gpio.o(.data)
    fb_flag                                  0x2000000d   Data           1  user_gpio.o(.data)
    key_flag                                 0x2000000e   Data           1  user_gpio.o(.data)
    pressStartTime                           0x20000010   Data           4  user_gpio.o(.data)
    longPressExecuted                        0x20000014   Data           1  user_gpio.o(.data)
    .data                                    0x20000018   Section       22  user_adc.o(.data)
    i                                        0x2000002d   Data           1  user_adc.o(.data)
    .data                                    0x2000002e   Section        4  user_pwm.o(.data)
    voltage_index                            0x2000002e   Data           1  user_pwm.o(.data)
    filtered_voltage                         0x20000030   Data           2  user_pwm.o(.data)
    .data                                    0x20000032   Section        7  user_lcd.o(.data)
    FUL_flag                                 0x20000034   Data           1  user_lcd.o(.data)
    REP_flag                                 0x20000035   Data           1  user_lcd.o(.data)
    Standby_flag                             0x20000036   Data           1  user_lcd.o(.data)
    i                                        0x20000037   Data           1  user_lcd.o(.data)
    i                                        0x20000038   Data           1  user_lcd.o(.data)
    .data                                    0x20000039   Section        2  task.o(.data)
    inspect_cnt                              0x2000003a   Data           1  task.o(.data)
    .data                                    0x2000003b   Section       19  user_protect.o(.data)
    otp_cnt                                  0x20000043   Data           1  user_protect.o(.data)
    ovp_cnt                                  0x20000044   Data           1  user_protect.o(.data)
    ocp_cnt                                  0x20000045   Data           1  user_protect.o(.data)
    OVP_FLAG                                 0x20000046   Data           1  user_protect.o(.data)
    jw_cnt                                   0x20000047   Data           1  user_protect.o(.data)
    fj_cnt                                   0x20000048   Data           1  user_protect.o(.data)
    BREE_cnt                                 0x20000049   Data           1  user_protect.o(.data)
    mode_cnt                                 0x2000004a   Data           1  user_protect.o(.data)
    WDBC_ONE_FLAG                            0x2000004b   Data           1  user_protect.o(.data)
    MOde_ONE_FLAG                            0x2000004c   Data           1  user_protect.o(.data)
    i                                        0x2000004d   Data           1  user_protect.o(.data)
    .data                                    0x20000050   Section       54  user_charger.o(.data)
    bov_cnt                                  0x20000070   Data           1  user_charger.o(.data)
    full_cnt                                 0x20000071   Data           1  user_charger.o(.data)
    hc_cnt                                   0x20000072   Data           1  user_charger.o(.data)
    ci                                       0x20000073   Data           1  user_charger.o(.data)
    NULL_cnt                                 0x20000074   Data           1  user_charger.o(.data)
    BERR_CNT                                 0x20000075   Data           1  user_charger.o(.data)
    bov_cnt                                  0x20000076   Data           1  user_charger.o(.data)
    full_cnt                                 0x20000077   Data           1  user_charger.o(.data)
    hc_cnt                                   0x20000078   Data           1  user_charger.o(.data)
    ci                                       0x20000079   Data           1  user_charger.o(.data)
    NULL_cnt                                 0x2000007a   Data           1  user_charger.o(.data)
    BERR_CNT                                 0x2000007b   Data           1  user_charger.o(.data)
    bov_cnt                                  0x2000007c   Data           1  user_charger.o(.data)
    full_cnt                                 0x2000007d   Data           1  user_charger.o(.data)
    hc_cnt                                   0x2000007e   Data           1  user_charger.o(.data)
    NULL_cnt                                 0x2000007f   Data           1  user_charger.o(.data)
    ci                                       0x20000080   Data           1  user_charger.o(.data)
    bov_cnt                                  0x20000081   Data           1  user_charger.o(.data)
    full_cnt                                 0x20000082   Data           1  user_charger.o(.data)
    i                                        0x20000083   Data           1  user_charger.o(.data)
    i                                        0x20000084   Data           1  user_charger.o(.data)
    full_cnt                                 0x20000085   Data           1  user_charger.o(.data)
    .data                                    0x20000088   Section       10  user_flash.o(.data)
    FEEcounts                                0x20000088   Data           4  user_flash.o(.data)
    FEEaddr                                  0x2000008c   Data           4  user_flash.o(.data)
    FEEoffset                                0x20000090   Data           2  user_flash.o(.data)
    .data                                    0x20000094   Section        9  cw32l010_systick.o(.data)
    .data                                    0x200000a0   Section        4  system_cw32l010.o(.data)
    .bss                                     0x200000a4   Section      100  user_adc.o(.bss)
    .bss                                     0x20000108   Section       10  user_pwm.o(.bss)
    voltage_buffer                           0x20000108   Data          10  user_pwm.o(.bss)
    .bss                                     0x20000112   Section       33  user_lcd.o(.bss)
    oneflag                                  0x20000129   Data          10  user_lcd.o(.bss)
    .bss                                     0x20000134   Section       28  task.o(.bss)
    .bss                                     0x20000150   Section       32  user_charger.o(.bss)
    .bss                                     0x20000170   Section       10  user_flash.o(.bss)
    STACK                                    0x20000180   Section      512  startup_cw32l010.o(STACK)

    Global Symbols

    Symbol Name                              Value     Ov Type        Size  Object(Section)

    BuildAttributes$$THM_ISAv3M$S$PE$A:L22$X:L11$S22$IEEE1$IW$USESV6$~STKCKD$USESV7$~SHL$OTIME$ROPI$EBA8$MICROLIB$REQ8$PRES8$EABIv2 0x00000000   Number         0  anon$$obj.o ABSOLUTE
    __ARM_use_no_argv                        0x00000000   Number         0  main.o ABSOLUTE
    __Vectors                                0x00000000   Data           0  startup_cw32l010.o(RESET)
    _printf_a                                0x00000000   Number         0  stubs.o ABSOLUTE
    _printf_c                                0x00000000   Number         0  stubs.o ABSOLUTE
    _printf_charcount                        0x00000000   Number         0  stubs.o ABSOLUTE
    _printf_d                                0x00000000   Number         0  stubs.o ABSOLUTE
    _printf_e                                0x00000000   Number         0  stubs.o ABSOLUTE
    _printf_f                                0x00000000   Number         0  stubs.o ABSOLUTE
    _printf_flags                            0x00000000   Number         0  stubs.o ABSOLUTE
    _printf_fp_dec                           0x00000000   Number         0  stubs.o ABSOLUTE
    _printf_fp_hex                           0x00000000   Number         0  stubs.o ABSOLUTE
    _printf_g                                0x00000000   Number         0  stubs.o ABSOLUTE
    _printf_i                                0x00000000   Number         0  stubs.o ABSOLUTE
    _printf_int_dec                          0x00000000   Number         0  stubs.o ABSOLUTE
    _printf_l                                0x00000000   Number         0  stubs.o ABSOLUTE
    _printf_lc                               0x00000000   Number         0  stubs.o ABSOLUTE
    _printf_ll                               0x00000000   Number         0  stubs.o ABSOLUTE
    _printf_lld                              0x00000000   Number         0  stubs.o ABSOLUTE
    _printf_lli                              0x00000000   Number         0  stubs.o ABSOLUTE
    _printf_llo                              0x00000000   Number         0  stubs.o ABSOLUTE
    _printf_llu                              0x00000000   Number         0  stubs.o ABSOLUTE
    _printf_llx                              0x00000000   Number         0  stubs.o ABSOLUTE
    _printf_longlong_dec                     0x00000000   Number         0  stubs.o ABSOLUTE
    _printf_longlong_hex                     0x00000000   Number         0  stubs.o ABSOLUTE
    _printf_longlong_oct                     0x00000000   Number         0  stubs.o ABSOLUTE
    _printf_ls                               0x00000000   Number         0  stubs.o ABSOLUTE
    _printf_mbtowc                           0x00000000   Number         0  stubs.o ABSOLUTE
    _printf_n                                0x00000000   Number         0  stubs.o ABSOLUTE
    _printf_o                                0x00000000   Number         0  stubs.o ABSOLUTE
    _printf_p                                0x00000000   Number         0  stubs.o ABSOLUTE
    _printf_percent                          0x00000000   Number         0  stubs.o ABSOLUTE
    _printf_pre_padding                      0x00000000   Number         0  stubs.o ABSOLUTE
    _printf_return_value                     0x00000000   Number         0  stubs.o ABSOLUTE
    _printf_s                                0x00000000   Number         0  stubs.o ABSOLUTE
    _printf_sizespec                         0x00000000   Number         0  stubs.o ABSOLUTE
    _printf_str                              0x00000000   Number         0  stubs.o ABSOLUTE
    _printf_truncate_signed                  0x00000000   Number         0  stubs.o ABSOLUTE
    _printf_truncate_unsigned                0x00000000   Number         0  stubs.o ABSOLUTE
    _printf_u                                0x00000000   Number         0  stubs.o ABSOLUTE
    _printf_wc                               0x00000000   Number         0  stubs.o ABSOLUTE
    _printf_wctomb                           0x00000000   Number         0  stubs.o ABSOLUTE
    _printf_widthprec                        0x00000000   Number         0  stubs.o ABSOLUTE
    _printf_x                                0x00000000   Number         0  stubs.o ABSOLUTE
    __arm_fini_                               - Undefined Weak Reference
    __cpp_initialize__aeabi_                  - Undefined Weak Reference
    __cxa_finalize                            - Undefined Weak Reference
    __decompress                              - Undefined Weak Reference
    _clock_init                               - Undefined Weak Reference
    _microlib_exit                            - Undefined Weak Reference
    __Vectors_End                            0x000000c0   Data           0  startup_cw32l010.o(RESET)
    __Vectors_Size                           0x000000c0   Number         0  startup_cw32l010.o ABSOLUTE
    __main                                   0x000000c1   Thumb Code     0  entry.o(.ARM.Collect$$$$00000000)
    _main_stk                                0x000000c1   Thumb Code     0  entry2.o(.ARM.Collect$$$$00000001)
    _main_scatterload                        0x000000c5   Thumb Code     0  entry5.o(.ARM.Collect$$$$00000004)
    __main_after_scatterload                 0x000000c9   Thumb Code     0  entry5.o(.ARM.Collect$$$$00000004)
    _main_clock                              0x000000c9   Thumb Code     0  entry7b.o(.ARM.Collect$$$$00000008)
    _main_cpp_init                           0x000000c9   Thumb Code     0  entry8b.o(.ARM.Collect$$$$0000000A)
    _main_init                               0x000000c9   Thumb Code     0  entry9a.o(.ARM.Collect$$$$0000000B)
    __rt_lib_shutdown_fini                   0x000000d1   Thumb Code     0  entry12b.o(.ARM.Collect$$$$0000000E)
    __rt_final_cpp                           0x000000d5   Thumb Code     0  entry10a.o(.ARM.Collect$$$$0000000F)
    __rt_final_exit                          0x000000d5   Thumb Code     0  entry11a.o(.ARM.Collect$$$$00000011)
    Reset_Handler                            0x000000d9   Thumb Code    14  startup_cw32l010.o(.text)
    __aeabi_uidiv                            0x00000101   Thumb Code     0  uidiv.o(.text)
    __aeabi_uidivmod                         0x00000101   Thumb Code    44  uidiv.o(.text)
    __aeabi_idiv                             0x0000012d   Thumb Code     0  idiv.o(.text)
    __aeabi_idivmod                          0x0000012d   Thumb Code    40  idiv.o(.text)
    __aeabi_memset                           0x00000155   Thumb Code    14  memseta.o(.text)
    __aeabi_memset4                          0x00000155   Thumb Code     0  memseta.o(.text)
    __aeabi_memset8                          0x00000155   Thumb Code     0  memseta.o(.text)
    __aeabi_memclr                           0x00000163   Thumb Code     4  memseta.o(.text)
    __aeabi_memclr4                          0x00000163   Thumb Code     0  memseta.o(.text)
    __aeabi_memclr8                          0x00000163   Thumb Code     0  memseta.o(.text)
    _memset$wrapper                          0x00000167   Thumb Code    18  memseta.o(.text)
    __aeabi_fmul                             0x00000179   Thumb Code   122  fmul.o(.text)
    __aeabi_fdiv                             0x000001f3   Thumb Code   124  fdiv.o(.text)
    __aeabi_dadd                             0x00000271   Thumb Code   330  dadd.o(.text)
    __aeabi_dsub                             0x000003bb   Thumb Code    12  dadd.o(.text)
    __aeabi_drsub                            0x000003c7   Thumb Code    12  dadd.o(.text)
    __aeabi_dmul                             0x000003d9   Thumb Code   202  dmul.o(.text)
    __aeabi_ui2f                             0x000004a9   Thumb Code    14  ffltui.o(.text)
    __aeabi_i2d                              0x000004b9   Thumb Code    34  dflti.o(.text)
    __aeabi_f2uiz                            0x000004e1   Thumb Code    40  ffixui.o(.text)
    __aeabi_d2uiz                            0x00000509   Thumb Code    50  dfixui.o(.text)
    __aeabi_f2d                              0x00000545   Thumb Code    40  f2d.o(.text)
    __aeabi_d2f                              0x0000056d   Thumb Code    56  d2f.o(.text)
    __aeabi_cfcmpeq                          0x000005a5   Thumb Code     0  cfcmple.o(.text)
    __aeabi_cfcmple                          0x000005a5   Thumb Code    20  cfcmple.o(.text)
    __aeabi_cfrcmple                         0x000005b9   Thumb Code    20  cfrcmple.o(.text)
    __aeabi_llsl                             0x000005cd   Thumb Code    32  llshl.o(.text)
    _ll_shift_l                              0x000005cd   Thumb Code     0  llshl.o(.text)
    __aeabi_llsr                             0x000005ed   Thumb Code    34  llushr.o(.text)
    _ll_ushift_r                             0x000005ed   Thumb Code     0  llushr.o(.text)
    __aeabi_lasr                             0x0000060f   Thumb Code    38  llsshr.o(.text)
    _ll_sshift_r                             0x0000060f   Thumb Code     0  llsshr.o(.text)
    __I$use$fp                               0x00000635   Thumb Code     0  iusefp.o(.text)
    _float_round                             0x00000635   Thumb Code    16  fepilogue.o(.text)
    _float_epilogue                          0x00000645   Thumb Code   114  fepilogue.o(.text)
    _double_round                            0x000006b7   Thumb Code    26  depilogue.o(.text)
    _double_epilogue                         0x000006d1   Thumb Code   164  depilogue.o(.text)
    __scatterload                            0x00000775   Thumb Code    28  init.o(.text)
    __scatterload_rt2                        0x00000775   Thumb Code     0  init.o(.text)
    ADC_ClearITPendingAll                    0x00000799   Thumb Code     8  cw32l010_adc.o(i.ADC_ClearITPendingAll)
    ADC_Enable                               0x000007a5   Thumb Code    18  cw32l010_adc.o(i.ADC_Enable)
    ADC_GetSqr0Result                        0x000007b9   Thumb Code    16  cw32l010_adc.o(i.ADC_GetSqr0Result)
    ADC_GetSqr1Result                        0x000007cd   Thumb Code    16  cw32l010_adc.o(i.ADC_GetSqr1Result)
    ADC_GetSqr2Result                        0x000007e1   Thumb Code    16  cw32l010_adc.o(i.ADC_GetSqr2Result)
    ADC_GetSqr3Result                        0x000007f5   Thumb Code    16  cw32l010_adc.o(i.ADC_GetSqr3Result)
    ADC_IRQHandler                           0x00000809   Thumb Code    28  interrupts_cw32l010.o(i.ADC_IRQHandler)
    ADC_ITConfig                             0x0000082d   Thumb Code    74  cw32l010_adc.o(i.ADC_ITConfig)
    ADC_Init                                 0x000008a1   Thumb Code   466  cw32l010_adc.o(i.ADC_Init)
    ADC_SoftwareStartConvCmd                 0x00000a9d   Thumb Code    62  cw32l010_adc.o(i.ADC_SoftwareStartConvCmd)
    ALL_LEDOFF                               0x00000afd   Thumb Code    12  user_gpio.o(i.ALL_LEDOFF)
    ALL_LEDON                                0x00000b09   Thumb Code    56  user_gpio.o(i.ALL_LEDON)
    ATIM_IRQHandler                          0x00000b41   Thumb Code     2  interrupts_cw32l010.o(i.ATIM_IRQHandler)
    BTIM1_IRQHandler                         0x00000b43   Thumb Code     2  interrupts_cw32l010.o(i.BTIM1_IRQHandler)
    BTIM2_IRQHandler                         0x00000b45   Thumb Code     2  interrupts_cw32l010.o(i.BTIM2_IRQHandler)
    BTIM3_IRQHandler                         0x00000b47   Thumb Code     2  interrupts_cw32l010.o(i.BTIM3_IRQHandler)
    BatteryStatus                            0x00000b49   Thumb Code   882  user_lcd.o(i.BatteryStatus)
    ButtonTask                               0x00000ed1   Thumb Code   202  user_gpio.o(i.ButtonTask)
    CLKFAULT_IRQHandler                      0x00000fb9   Thumb Code     2  interrupts_cw32l010.o(i.CLKFAULT_IRQHandler)
    ChargeStart                              0x00000fbb   Thumb Code    28  user_charger.o(i.ChargeStart)
    ChargeStop                               0x00000fd7   Thumb Code    28  user_charger.o(i.ChargeStop)
    ChargingProgram                          0x00000ff5   Thumb Code   110  user_charger.o(i.ChargingProgram)
    ClearScreen                              0x0000106d   Thumb Code    32  user_lcd.o(i.ClearScreen)
    ControlPWM_Init                          0x00001091   Thumb Code    28  user_charger.o(i.ControlPWM_Init)
    CurrentCalculate                         0x000010bd   Thumb Code   128  user_adc.o(i.CurrentCalculate)
    CurrentControl                           0x00001149   Thumb Code   102  user_pwm.o(i.CurrentControl)
    CurrentSample                            0x000011c9   Thumb Code    58  user_adc.o(i.CurrentSample)
    FEE_init                                 0x0000120d   Thumb Code   276  user_flash.o(i.FEE_init)
    FEE_rd                                   0x0000132d   Thumb Code    10  user_flash.o(i.FEE_rd)
    FEE_wr                                   0x0000133d   Thumb Code   114  user_flash.o(i.FEE_wr)
    FLASHRAM_IRQHandler                      0x00001551   Thumb Code     2  interrupts_cw32l010.o(i.FLASHRAM_IRQHandler)
    FaultCheck                               0x00001555   Thumb Code   504  user_protect.o(i.FaultCheck)
    FillScreen                               0x000017c1   Thumb Code    34  user_lcd.o(i.FillScreen)
    GPIOA_IRQHandler                         0x000017e9   Thumb Code     2  interrupts_cw32l010.o(i.GPIOA_IRQHandler)
    GPIOB_IRQHandler                         0x000017eb   Thumb Code     2  interrupts_cw32l010.o(i.GPIOB_IRQHandler)
    GPIO_Configuration                       0x000017ed   Thumb Code   126  user_pwm.o(i.GPIO_Configuration)
    GPIO_DeInit                              0x00001879   Thumb Code    38  cw32l010_gpio.o(i.GPIO_DeInit)
    GPIO_Init                                0x000018a1   Thumb Code   206  cw32l010_gpio.o(i.GPIO_Init)
    GPIO_RST2GPIO                            0x00001979   Thumb Code    14  cw32l010_gpio.o(i.GPIO_RST2GPIO)
    GPIO_ReadPin                             0x00001991   Thumb Code    18  cw32l010_gpio.o(i.GPIO_ReadPin)
    GPIO_WritePin                            0x000019a3   Thumb Code    12  cw32l010_gpio.o(i.GPIO_WritePin)
    GTIM1_IRQHandler                         0x000019af   Thumb Code     2  interrupts_cw32l010.o(i.GTIM1_IRQHandler)
    GTIM_Cmd                                 0x000019b1   Thumb Code    60  cw32l010_gtim.o(i.GTIM_Cmd)
    GTIM_GetCapture2                         0x00001a15   Thumb Code    26  cw32l010_gtim.o(i.GTIM_GetCapture2)
    GTIM_GetCapture3                         0x00001a5d   Thumb Code    26  cw32l010_gtim.o(i.GTIM_GetCapture3)
    GTIM_OC2Cmd                              0x00001aa5   Thumb Code    58  cw32l010_gtim.o(i.GTIM_OC2Cmd)
    GTIM_OC2ModeCfg                          0x00001b09   Thumb Code   230  cw32l010_gtim.o(i.GTIM_OC2ModeCfg)
    GTIM_OC3Cmd                              0x00001c19   Thumb Code    62  cw32l010_gtim.o(i.GTIM_OC3Cmd)
    GTIM_OC3ModeCfg                          0x00001c81   Thumb Code   228  cw32l010_gtim.o(i.GTIM_OC3ModeCfg)
    GTIM_SetCompare2                         0x00001d8d   Thumb Code    26  cw32l010_gtim.o(i.GTIM_SetCompare2)
    GTIM_SetCompare3                         0x00001dd5   Thumb Code    28  cw32l010_gtim.o(i.GTIM_SetCompare3)
    GTIM_TimeBaseInit                        0x00001e19   Thumb Code   234  cw32l010_gtim.o(i.GTIM_TimeBaseInit)
    GetSysTime                               0x00001f31   Thumb Code     8  user_gpio.o(i.GetSysTime)
    GetTick                                  0x00001f39   Thumb Code     6  cw32l010_systick.o(i.GetTick)
    HandleLongPressImmediate                 0x00001f45   Thumb Code    70  user_gpio.o(i.HandleLongPressImmediate)
    HandleShortPress                         0x00001fa1   Thumb Code   176  user_gpio.o(i.HandleShortPress)
    HardFault_Handler                        0x0000206d   Thumb Code     4  interrupts_cw32l010.o(i.HardFault_Handler)
    I2C1_IRQHandler                          0x00002071   Thumb Code     2  interrupts_cw32l010.o(i.I2C1_IRQHandler)
    IWDT_Init                                0x00002075   Thumb Code   254  cw32l010_iwdt.o(i.IWDT_Init)
    IWDT_Refresh                             0x000021b5   Thumb Code     8  cw32l010_iwdt.o(i.IWDT_Refresh)
    IWDT_SetPeriod                           0x000021c5   Thumb Code   108  cw32l010_iwdt.o(i.IWDT_SetPeriod)
    InitTick                                 0x00002269   Thumb Code    90  cw32l010_systick.o(i.InitTick)
    LPTIM_IRQHandler                         0x000022d5   Thumb Code     2  interrupts_cw32l010.o(i.LPTIM_IRQHandler)
    LVD_IRQHandler                           0x000022d7   Thumb Code     2  interrupts_cw32l010.o(i.LVD_IRQHandler)
    LcdInit                                  0x000022d9   Thumb Code   114  user_lcd.o(i.LcdInit)
    Li_battery_mode_Charger                  0x00002351   Thumb Code   752  user_charger.o(i.Li_battery_mode_Charger)
    Motorcycle_ledon                         0x00002689   Thumb Code    14  user_gpio.o(i.Motorcycle_ledon)
    NMI_Handler                              0x00002697   Thumb Code     2  interrupts_cw32l010.o(i.NMI_Handler)
    NO1_8_OFF                                0x00002699   Thumb Code    24  user_lcd.o(i.NO1_8_OFF)
    NO2_8_OFF                                0x000026b1   Thumb Code    24  user_lcd.o(i.NO2_8_OFF)
    NO3_8_OFF                                0x000026c9   Thumb Code    24  user_lcd.o(i.NO3_8_OFF)
    PWMControl_Init                          0x000026e1   Thumb Code    12  user_charger.o(i.PWMControl_Init)
    PWM_OutputConfig                         0x000026ed   Thumb Code   154  user_pwm.o(i.PWM_OutputConfig)
    PendSV_Handler                           0x00002799   Thumb Code     2  interrupts_cw32l010.o(i.PendSV_Handler)
    Power_supply_mode_Charger                0x0000279d   Thumb Code   172  user_charger.o(i.Power_supply_mode_Charger)
    RTC_IRQHandler                           0x0000285d   Thumb Code     2  interrupts_cw32l010.o(i.RTC_IRQHandler)
    Repair_mode_Charger                      0x00002861   Thumb Code   330  user_charger.o(i.Repair_mode_Charger)
    SIX_ledon                                0x000029d9   Thumb Code    14  user_gpio.o(i.SIX_ledon)
    SIX_mode_Charger                         0x000029e9   Thumb Code   156  user_charger.o(i.SIX_mode_Charger)
    SPI1_IRQHandler                          0x00002a99   Thumb Code     2  interrupts_cw32l010.o(i.SPI1_IRQHandler)
    SVC_Handler                              0x00002a9b   Thumb Code     2  interrupts_cw32l010.o(i.SVC_Handler)
    SYSCTRL_GetHClkFreq                      0x00002a9d   Thumb Code   108  cw32l010_sysctrl.o(i.SYSCTRL_GetHClkFreq)
    SYSCTRL_HCLKPRS_Config                   0x00002b1d   Thumb Code    66  cw32l010_sysctrl.o(i.SYSCTRL_HCLKPRS_Config)
    SYSCTRL_HSI_Enable                       0x00002b91   Thumb Code   236  cw32l010_sysctrl.o(i.SYSCTRL_HSI_Enable)
    SYSCTRL_IRQHandler                       0x00002cb1   Thumb Code     2  interrupts_cw32l010.o(i.SYSCTRL_IRQHandler)
    SYSCTRL_LSI_Enable                       0x00002cb5   Thumb Code    76  cw32l010_sysctrl.o(i.SYSCTRL_LSI_Enable)
    SYSCTRL_PCLKPRS_Config                   0x00002d11   Thumb Code    66  cw32l010_sysctrl.o(i.SYSCTRL_PCLKPRS_Config)
    SYSCTRL_SYSCLKSRC_Config                 0x00002d85   Thumb Code    60  cw32l010_sysctrl.o(i.SYSCTRL_SYSCLKSRC_Config)
    SYSCTRL_SystemCoreClockUpdate            0x00002df1   Thumb Code     6  cw32l010_sysctrl.o(i.SYSCTRL_SystemCoreClockUpdate)
    Screen_refresh                           0x00002dfd   Thumb Code  1450  user_lcd.o(i.Screen_refresh)
    Sealed_ledon                             0x000033b9   Thumb Code    14  user_gpio.o(i.Sealed_ledon)
    Sealed_mode_Charger                      0x000033c9   Thumb Code   804  user_charger.o(i.Sealed_mode_Charger)
    SendCommand                              0x0000373d   Thumb Code    46  user_lcd.o(i.SendCommand)
    SendData                                 0x0000376b   Thumb Code    58  user_lcd.o(i.SendData)
    SendHighBits                             0x000037a5   Thumb Code    76  user_lcd.o(i.SendHighBits)
    SendLowBits                              0x000037f5   Thumb Code    74  user_lcd.o(i.SendLowBits)
    SetChargeCurrent                         0x00003845   Thumb Code   130  user_pwm.o(i.SetChargeCurrent)
    SetChargerVoltage                        0x000038e5   Thumb Code    26  user_pwm.o(i.SetChargerVoltage)
    SetChargerVoltage1                       0x00003905   Thumb Code    68  user_pwm.o(i.SetChargerVoltage1)
    SetSegs                                  0x00003955   Thumb Code    54  user_lcd.o(i.SetSegs)
    Start_stop_ledon                         0x00003991   Thumb Code    14  user_gpio.o(i.Start_stop_ledon)
    Start_stop_mode_Charger                  0x000039a1   Thumb Code   804  user_charger.o(i.Start_stop_mode_Charger)
    SysTickDelay                             0x00003d15   Thumb Code    38  cw32l010_systick.o(i.SysTickDelay)
    SysTick_Handler                          0x00003d41   Thumb Code    50  cw32l010_systick.o(i.SysTick_Handler)
    SystemCoreClockUpdate                    0x00003d81   Thumb Code     8  system_cw32l010.o(i.SystemCoreClockUpdate)
    SystemInit                               0x00003d91   Thumb Code    50  system_cw32l010.o(i.SystemInit)
    TM1621_Init                              0x00003dcd   Thumb Code   112  user_lcd.o(i.TM1621_Init)
    Task0                                    0x00003e49   Thumb Code    14  task.o(i.Task0)
    Task1                                    0x00003e5d   Thumb Code    24  task.o(i.Task1)
    Task2                                    0x00003e79   Thumb Code    14  task.o(i.Task2)
    Task3                                    0x00003e8d   Thumb Code    14  task.o(i.Task3)
    Task4                                    0x00003ea1   Thumb Code    52  task.o(i.Task4)
    Task5                                    0x00003ee1   Thumb Code    16  task.o(i.Task5)
    Task6                                    0x00003ef5   Thumb Code    10  task.o(i.Task6)
    TaskDelayInit                            0x00003f05   Thumb Code    58  task.o(i.TaskDelayInit)
    TemperatureSample                        0x00003f45   Thumb Code    92  user_adc.o(i.TemperatureSample)
    UART1_IRQHandler                         0x00003fad   Thumb Code     2  interrupts_cw32l010.o(i.UART1_IRQHandler)
    UART2_IRQHandler                         0x00003faf   Thumb Code     2  interrupts_cw32l010.o(i.UART2_IRQHandler)
    User_ADC_Sample                          0x00003fb1   Thumb Code   130  user_adc.o(i.User_ADC_Sample)
    User_adc_init                            0x00004041   Thumb Code   218  user_adc.o(i.User_adc_init)
    User_gpio_init                           0x0000412d   Thumb Code   138  user_gpio.o(i.User_gpio_init)
    VC1_IRQHandler                           0x000041c5   Thumb Code     2  interrupts_cw32l010.o(i.VC1_IRQHandler)
    VC2_IRQHandler                           0x000041c7   Thumb Code     2  interrupts_cw32l010.o(i.VC2_IRQHandler)
    VoltageCalculate                         0x000041c9   Thumb Code   128  user_adc.o(i.VoltageCalculate)
    VoltageFilter                            0x00004255   Thumb Code    66  user_pwm.o(i.VoltageFilter)
    VoltageSample                            0x000042a1   Thumb Code   116  user_adc.o(i.VoltageSample)
    WDT_IRQHandler                           0x00004321   Thumb Code     2  interrupts_cw32l010.o(i.WDT_IRQHandler)
    __ARM_clz                                0x00004323   Thumb Code    46  depilogue.o(i.__ARM_clz)
    __ARM_common_switch8                     0x00004351   Thumb Code    28  main.o(i.__ARM_common_switch8)
    __scatterload_copy                       0x000043e5   Thumb Code    14  handlers.o(i.__scatterload_copy)
    __scatterload_null                       0x000043f3   Thumb Code     2  handlers.o(i.__scatterload_null)
    __scatterload_zeroinit                   0x000043f5   Thumb Code    14  handlers.o(i.__scatterload_zeroinit)
    assert_failed                            0x00004403   Thumb Code     2  main.o(i.assert_failed)
    bsp_init                                 0x00004405   Thumb Code   108  main.o(i.bsp_init)
    calculateTemperature                     0x00004489   Thumb Code    40  user_adc.o(i.calculateTemperature)
    decimal_display                          0x000044bd   Thumb Code   324  user_lcd.o(i.decimal_display)
    display                                  0x00004601   Thumb Code    76  user_lcd.o(i.display)
    led1_deint                               0x0000464d   Thumb Code    12  user_gpio.o(i.led1_deint)
    led1_init                                0x0000465d   Thumb Code    56  user_gpio.o(i.led1_init)
    led2_deint                               0x00004699   Thumb Code    14  user_gpio.o(i.led2_deint)
    led2_init                                0x000046a7   Thumb Code    62  user_gpio.o(i.led2_init)
    main                                     0x000046e5   Thumb Code   100  main.o(i.main)
    protect                                  0x0000474d   Thumb Code   202  user_protect.o(i.protect)
    tens_display                             0x00004829   Thumb Code   268  user_lcd.o(i.tens_display)
    units_display                            0x00004935   Thumb Code   288  user_lcd.o(i.units_display)
    hsiprs_tbl                               0x00004a54   Data          64  cw32l010_sysctrl.o(.constdata)
    Region$$Table$$Base                      0x00004a94   Number         0  anon$$obj.o(Region$$Table)
    Region$$Table$$Limit                     0x00004ab4   Number         0  anon$$obj.o(Region$$Table)
    ChargerTasknum                           0x20000000   Data           1  user_gpio.o(.data)
    Chargermode_Flash                        0x20000001   Data           1  user_gpio.o(.data)
    pressStartTime                           0x20000004   Data           4  user_gpio.o(.data)
    currentTime                              0x20000008   Data           4  user_gpio.o(.data)
    buttonState                              0x2000000c   Data           1  user_gpio.o(.data)
    gtemp_VoltageValue                       0x20000018   Data           2  user_adc.o(.data)
    gBat_VoltageValue                        0x2000001a   Data           2  user_adc.o(.data)
    gCurrentValue                            0x2000001c   Data           2  user_adc.o(.data)
    gTemperature_ADValue                     0x2000001e   Data           4  user_adc.o(.data)
    gTemperature                             0x20000024   Data           4  user_adc.o(.data)
    gTemperature_z                           0x20000028   Data           4  user_adc.o(.data)
    gFlagIrq                                 0x2000002c   Data           1  user_adc.o(.data)
    B_V_FLAG                                 0x20000032   Data           1  user_lcd.o(.data)
    B_V_cnt                                  0x20000033   Data           1  user_lcd.o(.data)
    current_mode                             0x20000039   Data           1  task.o(.data)
    gFaultType                               0x2000003b   Data           2  user_protect.o(.data)
    BAT_flag                                 0x2000003d   Data           1  user_protect.o(.data)
    BATone_flag                              0x2000003e   Data           1  user_protect.o(.data)
    jwen_v                                   0x2000003f   Data           1  user_protect.o(.data)
    W_S_flag                                 0x20000040   Data           1  user_protect.o(.data)
    BERR_flag                                0x20000041   Data           1  user_protect.o(.data)
    FaultLock                                0x20000042   Data           1  user_protect.o(.data)
    gChgType                                 0x20000050   Data           2  user_charger.o(.data)
    step                                     0x20000054   Data           4  user_charger.o(.data)
    BatV                                     0x20000058   Data          24  user_charger.o(.data)
    uwTick                                   0x20000094   Data           4  cw32l010_systick.o(.data)
    uwTickPrio                               0x20000098   Data           4  cw32l010_systick.o(.data)
    uwTickFreq                               0x2000009c   Data           1  cw32l010_systick.o(.data)
    SystemCoreClock                          0x200000a0   Data           4  system_cw32l010.o(.data)
    gAdcResult                               0x200000a4   Data         100  user_adc.o(.bss)
    m_au8Value                               0x20000112   Data          23  user_lcd.o(.bss)
    gTaskDelay                               0x20000134   Data          28  task.o(.bss)
    pwmLow                                   0x20000150   Data          16  user_charger.o(.bss)
    pwmHigh                                  0x20000160   Data          16  user_charger.o(.bss)
    FEE_data                                 0x20000170   Data          10  user_flash.o(.bss)
    __initial_sp                             0x20000380   Data           0  startup_cw32l010.o(STACK)



==============================================================================

Memory Map of the image

  Image Entry point : 0x000000c1

  Load Region LR_IROM1 (Base: 0x00000000, Size: 0x00004b58, Max: 0x00010000, ABSOLUTE)

    Execution Region ER_IROM1 (Exec base: 0x00000000, Load base: 0x00000000, Size: 0x00004ab4, Max: 0x00010000, ABSOLUTE)

    Exec Addr    Load Addr    Size         Type   Attr      Idx    E Section Name        Object

    0x00000000   0x00000000   0x000000c0   Data   RO            3    RESET               startup_cw32l010.o
    0x000000c0   0x000000c0   0x00000000   Code   RO         3881  * .ARM.Collect$$$$00000000  mc_p.l(entry.o)
    0x000000c0   0x000000c0   0x00000004   Code   RO         4181    .ARM.Collect$$$$00000001  mc_p.l(entry2.o)
    0x000000c4   0x000000c4   0x00000004   Code   RO         4184    .ARM.Collect$$$$00000004  mc_p.l(entry5.o)
    0x000000c8   0x000000c8   0x00000000   Code   RO         4186    .ARM.Collect$$$$00000008  mc_p.l(entry7b.o)
    0x000000c8   0x000000c8   0x00000000   Code   RO         4188    .ARM.Collect$$$$0000000A  mc_p.l(entry8b.o)
    0x000000c8   0x000000c8   0x00000008   Code   RO         4189    .ARM.Collect$$$$0000000B  mc_p.l(entry9a.o)
    0x000000d0   0x000000d0   0x00000004   Code   RO         4196    .ARM.Collect$$$$0000000E  mc_p.l(entry12b.o)
    0x000000d4   0x000000d4   0x00000000   Code   RO         4191    .ARM.Collect$$$$0000000F  mc_p.l(entry10a.o)
    0x000000d4   0x000000d4   0x00000000   Code   RO         4193    .ARM.Collect$$$$00000011  mc_p.l(entry11a.o)
    0x000000d4   0x000000d4   0x00000004   Code   RO         4182    .ARM.Collect$$$$00002712  mc_p.l(entry2.o)
    0x000000d8   0x000000d8   0x00000028   Code   RO            4    .text               startup_cw32l010.o
    0x00000100   0x00000100   0x0000002c   Code   RO         3884    .text               mc_p.l(uidiv.o)
    0x0000012c   0x0000012c   0x00000028   Code   RO         3886    .text               mc_p.l(idiv.o)
    0x00000154   0x00000154   0x00000024   Code   RO         3890    .text               mc_p.l(memseta.o)
    0x00000178   0x00000178   0x0000007a   Code   RO         4155    .text               mf_p.l(fmul.o)
    0x000001f2   0x000001f2   0x0000007c   Code   RO         4157    .text               mf_p.l(fdiv.o)
    0x0000026e   0x0000026e   0x00000002   PAD
    0x00000270   0x00000270   0x00000168   Code   RO         4159    .text               mf_p.l(dadd.o)
    0x000003d8   0x000003d8   0x000000d0   Code   RO         4161    .text               mf_p.l(dmul.o)
    0x000004a8   0x000004a8   0x0000000e   Code   RO         4163    .text               mf_p.l(ffltui.o)
    0x000004b6   0x000004b6   0x00000002   PAD
    0x000004b8   0x000004b8   0x00000028   Code   RO         4165    .text               mf_p.l(dflti.o)
    0x000004e0   0x000004e0   0x00000028   Code   RO         4169    .text               mf_p.l(ffixui.o)
    0x00000508   0x00000508   0x0000003c   Code   RO         4171    .text               mf_p.l(dfixui.o)
    0x00000544   0x00000544   0x00000028   Code   RO         4173    .text               mf_p.l(f2d.o)
    0x0000056c   0x0000056c   0x00000038   Code   RO         4175    .text               mf_p.l(d2f.o)
    0x000005a4   0x000005a4   0x00000014   Code   RO         4177    .text               mf_p.l(cfcmple.o)
    0x000005b8   0x000005b8   0x00000014   Code   RO         4179    .text               mf_p.l(cfrcmple.o)
    0x000005cc   0x000005cc   0x00000020   Code   RO         4200    .text               mc_p.l(llshl.o)
    0x000005ec   0x000005ec   0x00000022   Code   RO         4202    .text               mc_p.l(llushr.o)
    0x0000060e   0x0000060e   0x00000026   Code   RO         4204    .text               mc_p.l(llsshr.o)
    0x00000634   0x00000634   0x00000000   Code   RO         4206    .text               mc_p.l(iusefp.o)
    0x00000634   0x00000634   0x00000082   Code   RO         4207    .text               mf_p.l(fepilogue.o)
    0x000006b6   0x000006b6   0x000000be   Code   RO         4209    .text               mf_p.l(depilogue.o)
    0x00000774   0x00000774   0x00000024   Code   RO         4219    .text               mc_p.l(init.o)
    0x00000798   0x00000798   0x0000000c   Code   RO         1029    i.ADC_ClearITPendingAll  cw32l010_adc.o
    0x000007a4   0x000007a4   0x00000012   Code   RO         1033    i.ADC_Enable        cw32l010_adc.o
    0x000007b6   0x000007b6   0x00000002   PAD
    0x000007b8   0x000007b8   0x00000014   Code   RO         1038    i.ADC_GetSqr0Result  cw32l010_adc.o
    0x000007cc   0x000007cc   0x00000014   Code   RO         1039    i.ADC_GetSqr1Result  cw32l010_adc.o
    0x000007e0   0x000007e0   0x00000014   Code   RO         1040    i.ADC_GetSqr2Result  cw32l010_adc.o
    0x000007f4   0x000007f4   0x00000014   Code   RO         1041    i.ADC_GetSqr3Result  cw32l010_adc.o
    0x00000808   0x00000808   0x00000024   Code   RO          166    i.ADC_IRQHandler    interrupts_cw32l010.o
    0x0000082c   0x0000082c   0x00000074   Code   RO         1047    i.ADC_ITConfig      cw32l010_adc.o
    0x000008a0   0x000008a0   0x000001fc   Code   RO         1048    i.ADC_Init          cw32l010_adc.o
    0x00000a9c   0x00000a9c   0x00000060   Code   RO         1050    i.ADC_SoftwareStartConvCmd  cw32l010_adc.o
    0x00000afc   0x00000afc   0x0000000c   Code   RO          333    i.ALL_LEDOFF        user_gpio.o
    0x00000b08   0x00000b08   0x00000038   Code   RO          334    i.ALL_LEDON         user_gpio.o
    0x00000b40   0x00000b40   0x00000002   Code   RO          167    i.ATIM_IRQHandler   interrupts_cw32l010.o
    0x00000b42   0x00000b42   0x00000002   Code   RO          168    i.BTIM1_IRQHandler  interrupts_cw32l010.o
    0x00000b44   0x00000b44   0x00000002   Code   RO          169    i.BTIM2_IRQHandler  interrupts_cw32l010.o
    0x00000b46   0x00000b46   0x00000002   Code   RO          170    i.BTIM3_IRQHandler  interrupts_cw32l010.o
    0x00000b48   0x00000b48   0x00000388   Code   RO          574    i.BatteryStatus     user_lcd.o
    0x00000ed0   0x00000ed0   0x000000e8   Code   RO          335    i.ButtonTask        user_gpio.o
    0x00000fb8   0x00000fb8   0x00000002   Code   RO          171    i.CLKFAULT_IRQHandler  interrupts_cw32l010.o
    0x00000fba   0x00000fba   0x0000001c   Code   RO          816    i.ChargeStart       user_charger.o
    0x00000fd6   0x00000fd6   0x0000001c   Code   RO          818    i.ChargeStop        user_charger.o
    0x00000ff2   0x00000ff2   0x00000002   PAD
    0x00000ff4   0x00000ff4   0x00000078   Code   RO          819    i.ChargingProgram   user_charger.o
    0x0000106c   0x0000106c   0x00000024   Code   RO          575    i.ClearScreen       user_lcd.o
    0x00001090   0x00001090   0x0000002c   Code   RO          820    i.ControlPWM_Init   user_charger.o
    0x000010bc   0x000010bc   0x0000008c   Code   RO          443    i.CurrentCalculate  user_adc.o
    0x00001148   0x00001148   0x00000080   Code   RO          515    i.CurrentControl    user_pwm.o
    0x000011c8   0x000011c8   0x00000044   Code   RO          444    i.CurrentSample     user_adc.o
    0x0000120c   0x0000120c   0x00000120   Code   RO          965    i.FEE_init          user_flash.o
    0x0000132c   0x0000132c   0x00000010   Code   RO          966    i.FEE_rd            user_flash.o
    0x0000133c   0x0000133c   0x00000088   Code   RO          967    i.FEE_wr            user_flash.o
    0x000013c4   0x000013c4   0x00000038   Code   RO          968    i.FEEeof            user_flash.o
    0x000013fc   0x000013fc   0x00000048   Code   RO          969    i.FEEerase          user_flash.o
    0x00001444   0x00001444   0x00000012   Code   RO          970    i.FEEerase_put      user_flash.o
    0x00001456   0x00001456   0x00000002   PAD
    0x00001458   0x00001458   0x0000004c   Code   RO          971    i.FEEextr           user_flash.o
    0x000014a4   0x000014a4   0x000000ac   Code   RO          972    i.FEEput            user_flash.o
    0x00001550   0x00001550   0x00000002   Code   RO          172    i.FLASHRAM_IRQHandler  interrupts_cw32l010.o
    0x00001552   0x00001552   0x00000002   PAD
    0x00001554   0x00001554   0x0000026c   Code   RO          784    i.FaultCheck        user_protect.o
    0x000017c0   0x000017c0   0x00000028   Code   RO          576    i.FillScreen        user_lcd.o
    0x000017e8   0x000017e8   0x00000002   Code   RO          173    i.GPIOA_IRQHandler  interrupts_cw32l010.o
    0x000017ea   0x000017ea   0x00000002   Code   RO          174    i.GPIOB_IRQHandler  interrupts_cw32l010.o
    0x000017ec   0x000017ec   0x0000008c   Code   RO          516    i.GPIO_Configuration  user_pwm.o
    0x00001878   0x00001878   0x00000026   Code   RO         1884    i.GPIO_DeInit       cw32l010_gpio.o
    0x0000189e   0x0000189e   0x00000002   PAD
    0x000018a0   0x000018a0   0x000000d8   Code   RO         1887    i.GPIO_Init         cw32l010_gpio.o
    0x00001978   0x00001978   0x00000018   Code   RO         1888    i.GPIO_RST2GPIO     cw32l010_gpio.o
    0x00001990   0x00001990   0x00000012   Code   RO         1889    i.GPIO_ReadPin      cw32l010_gpio.o
    0x000019a2   0x000019a2   0x0000000c   Code   RO         1893    i.GPIO_WritePin     cw32l010_gpio.o
    0x000019ae   0x000019ae   0x00000002   Code   RO          175    i.GTIM1_IRQHandler  interrupts_cw32l010.o
    0x000019b0   0x000019b0   0x00000064   Code   RO         1965    i.GTIM_Cmd          cw32l010_gtim.o
    0x00001a14   0x00001a14   0x00000048   Code   RO         1967    i.GTIM_GetCapture2  cw32l010_gtim.o
    0x00001a5c   0x00001a5c   0x00000048   Code   RO         1968    i.GTIM_GetCapture3  cw32l010_gtim.o
    0x00001aa4   0x00001aa4   0x00000064   Code   RO         1983    i.GTIM_OC2Cmd       cw32l010_gtim.o
    0x00001b08   0x00001b08   0x00000110   Code   RO         1984    i.GTIM_OC2ModeCfg   cw32l010_gtim.o
    0x00001c18   0x00001c18   0x00000068   Code   RO         1985    i.GTIM_OC3Cmd       cw32l010_gtim.o
    0x00001c80   0x00001c80   0x0000010c   Code   RO         1986    i.GTIM_OC3ModeCfg   cw32l010_gtim.o
    0x00001d8c   0x00001d8c   0x00000048   Code   RO         1991    i.GTIM_SetCompare2  cw32l010_gtim.o
    0x00001dd4   0x00001dd4   0x00000044   Code   RO         1992    i.GTIM_SetCompare3  cw32l010_gtim.o
    0x00001e18   0x00001e18   0x00000118   Code   RO         1998    i.GTIM_TimeBaseInit  cw32l010_gtim.o
    0x00001f30   0x00001f30   0x00000008   Code   RO          336    i.GetSysTime        user_gpio.o
    0x00001f38   0x00001f38   0x0000000c   Code   RO         3165    i.GetTick           cw32l010_systick.o
    0x00001f44   0x00001f44   0x0000005c   Code   RO          337    i.HandleLongPressImmediate  user_gpio.o
    0x00001fa0   0x00001fa0   0x000000cc   Code   RO          338    i.HandleShortPress  user_gpio.o
    0x0000206c   0x0000206c   0x00000004   Code   RO          176    i.HardFault_Handler  interrupts_cw32l010.o
    0x00002070   0x00002070   0x00000002   Code   RO          177    i.I2C1_IRQHandler   interrupts_cw32l010.o
    0x00002072   0x00002072   0x00000002   PAD
    0x00002074   0x00002074   0x00000140   Code   RO         2197    i.IWDT_Init         cw32l010_iwdt.o
    0x000021b4   0x000021b4   0x00000010   Code   RO         2261    i.IWDT_Refresh      cw32l010_iwdt.o
    0x000021c4   0x000021c4   0x000000a4   Code   RO         2198    i.IWDT_SetPeriod    cw32l010_iwdt.o
    0x00002268   0x00002268   0x0000006c   Code   RO         3166    i.InitTick          cw32l010_systick.o
    0x000022d4   0x000022d4   0x00000002   Code   RO          178    i.LPTIM_IRQHandler  interrupts_cw32l010.o
    0x000022d6   0x000022d6   0x00000002   Code   RO          179    i.LVD_IRQHandler    interrupts_cw32l010.o
    0x000022d8   0x000022d8   0x00000078   Code   RO          577    i.LcdInit           user_lcd.o
    0x00002350   0x00002350   0x00000338   Code   RO          821    i.Li_battery_mode_Charger  user_charger.o
    0x00002688   0x00002688   0x0000000e   Code   RO          339    i.Motorcycle_ledon  user_gpio.o
    0x00002696   0x00002696   0x00000002   Code   RO          180    i.NMI_Handler       interrupts_cw32l010.o
    0x00002698   0x00002698   0x00000018   Code   RO          578    i.NO1_8_OFF         user_lcd.o
    0x000026b0   0x000026b0   0x00000018   Code   RO          579    i.NO2_8_OFF         user_lcd.o
    0x000026c8   0x000026c8   0x00000018   Code   RO          580    i.NO3_8_OFF         user_lcd.o
    0x000026e0   0x000026e0   0x0000000c   Code   RO          822    i.PWMControl_Init   user_charger.o
    0x000026ec   0x000026ec   0x000000ac   Code   RO          517    i.PWM_OutputConfig  user_pwm.o
    0x00002798   0x00002798   0x00000002   Code   RO          181    i.PendSV_Handler    interrupts_cw32l010.o
    0x0000279a   0x0000279a   0x00000002   PAD
    0x0000279c   0x0000279c   0x000000c0   Code   RO          824    i.Power_supply_mode_Charger  user_charger.o
    0x0000285c   0x0000285c   0x00000002   Code   RO          182    i.RTC_IRQHandler    interrupts_cw32l010.o
    0x0000285e   0x0000285e   0x00000002   PAD
    0x00002860   0x00002860   0x00000178   Code   RO          825    i.Repair_mode_Charger  user_charger.o
    0x000029d8   0x000029d8   0x0000000e   Code   RO          340    i.SIX_ledon         user_gpio.o
    0x000029e6   0x000029e6   0x00000002   PAD
    0x000029e8   0x000029e8   0x000000b0   Code   RO          826    i.SIX_mode_Charger  user_charger.o
    0x00002a98   0x00002a98   0x00000002   Code   RO          183    i.SPI1_IRQHandler   interrupts_cw32l010.o
    0x00002a9a   0x00002a9a   0x00000002   Code   RO          184    i.SVC_Handler       interrupts_cw32l010.o
    0x00002a9c   0x00002a9c   0x00000080   Code   RO         2909    i.SYSCTRL_GetHClkFreq  cw32l010_sysctrl.o
    0x00002b1c   0x00002b1c   0x00000074   Code   RO         2916    i.SYSCTRL_HCLKPRS_Config  cw32l010_sysctrl.o
    0x00002b90   0x00002b90   0x00000120   Code   RO         2922    i.SYSCTRL_HSI_Enable  cw32l010_sysctrl.o
    0x00002cb0   0x00002cb0   0x00000002   Code   RO          185    i.SYSCTRL_IRQHandler  interrupts_cw32l010.o
    0x00002cb2   0x00002cb2   0x00000002   PAD
    0x00002cb4   0x00002cb4   0x0000005c   Code   RO         2929    i.SYSCTRL_LSI_Enable  cw32l010_sysctrl.o
    0x00002d10   0x00002d10   0x00000074   Code   RO         2931    i.SYSCTRL_PCLKPRS_Config  cw32l010_sysctrl.o
    0x00002d84   0x00002d84   0x0000006c   Code   RO         2934    i.SYSCTRL_SYSCLKSRC_Config  cw32l010_sysctrl.o
    0x00002df0   0x00002df0   0x0000000c   Code   RO         2936    i.SYSCTRL_SystemCoreClockUpdate  cw32l010_sysctrl.o
    0x00002dfc   0x00002dfc   0x000005bc   Code   RO          581    i.Screen_refresh    user_lcd.o
    0x000033b8   0x000033b8   0x0000000e   Code   RO          341    i.Sealed_ledon      user_gpio.o
    0x000033c6   0x000033c6   0x00000002   PAD
    0x000033c8   0x000033c8   0x00000374   Code   RO          827    i.Sealed_mode_Charger  user_charger.o
    0x0000373c   0x0000373c   0x0000002e   Code   RO          582    i.SendCommand       user_lcd.o
    0x0000376a   0x0000376a   0x0000003a   Code   RO          583    i.SendData          user_lcd.o
    0x000037a4   0x000037a4   0x00000050   Code   RO          584    i.SendHighBits      user_lcd.o
    0x000037f4   0x000037f4   0x00000050   Code   RO          585    i.SendLowBits       user_lcd.o
    0x00003844   0x00003844   0x000000a0   Code   RO          518    i.SetChargeCurrent  user_pwm.o
    0x000038e4   0x000038e4   0x00000020   Code   RO          519    i.SetChargerVoltage  user_pwm.o
    0x00003904   0x00003904   0x00000050   Code   RO          520    i.SetChargerVoltage1  user_pwm.o
    0x00003954   0x00003954   0x0000003c   Code   RO          587    i.SetSegs           user_lcd.o
    0x00003990   0x00003990   0x0000000e   Code   RO          342    i.Start_stop_ledon  user_gpio.o
    0x0000399e   0x0000399e   0x00000002   PAD
    0x000039a0   0x000039a0   0x00000374   Code   RO          828    i.Start_stop_mode_Charger  user_charger.o
    0x00003d14   0x00003d14   0x0000002c   Code   RO         3169    i.SysTickDelay      cw32l010_systick.o
    0x00003d40   0x00003d40   0x00000040   Code   RO         3170    i.SysTick_Handler   cw32l010_systick.o
    0x00003d80   0x00003d80   0x00000010   Code   RO         3673    i.SystemCoreClockUpdate  system_cw32l010.o
    0x00003d90   0x00003d90   0x0000003c   Code   RO         3674    i.SystemInit        system_cw32l010.o
    0x00003dcc   0x00003dcc   0x0000007c   Code   RO          588    i.TM1621_Init       user_lcd.o
    0x00003e48   0x00003e48   0x00000014   Code   RO          709    i.Task0             task.o
    0x00003e5c   0x00003e5c   0x0000001c   Code   RO          710    i.Task1             task.o
    0x00003e78   0x00003e78   0x00000014   Code   RO          711    i.Task2             task.o
    0x00003e8c   0x00003e8c   0x00000014   Code   RO          712    i.Task3             task.o
    0x00003ea0   0x00003ea0   0x00000040   Code   RO          713    i.Task4             task.o
    0x00003ee0   0x00003ee0   0x00000014   Code   RO          714    i.Task5             task.o
    0x00003ef4   0x00003ef4   0x00000010   Code   RO          715    i.Task6             task.o
    0x00003f04   0x00003f04   0x00000040   Code   RO          716    i.TaskDelayInit     task.o
    0x00003f44   0x00003f44   0x00000068   Code   RO          445    i.TemperatureSample  user_adc.o
    0x00003fac   0x00003fac   0x00000002   Code   RO          186    i.UART1_IRQHandler  interrupts_cw32l010.o
    0x00003fae   0x00003fae   0x00000002   Code   RO          187    i.UART2_IRQHandler  interrupts_cw32l010.o
    0x00003fb0   0x00003fb0   0x00000090   Code   RO          446    i.User_ADC_Sample   user_adc.o
    0x00004040   0x00004040   0x000000ec   Code   RO          447    i.User_adc_init     user_adc.o
    0x0000412c   0x0000412c   0x00000098   Code   RO          343    i.User_gpio_init    user_gpio.o
    0x000041c4   0x000041c4   0x00000002   Code   RO          188    i.VC1_IRQHandler    interrupts_cw32l010.o
    0x000041c6   0x000041c6   0x00000002   Code   RO          189    i.VC2_IRQHandler    interrupts_cw32l010.o
    0x000041c8   0x000041c8   0x0000008c   Code   RO          448    i.VoltageCalculate  user_adc.o
    0x00004254   0x00004254   0x0000004c   Code   RO          521    i.VoltageFilter     user_pwm.o
    0x000042a0   0x000042a0   0x00000080   Code   RO          449    i.VoltageSample     user_adc.o
    0x00004320   0x00004320   0x00000002   Code   RO          190    i.WDT_IRQHandler    interrupts_cw32l010.o
    0x00004322   0x00004322   0x0000002e   Code   RO         4211    i.__ARM_clz         mf_p.l(depilogue.o)
    0x00004350   0x00004350   0x0000001c   Code   RO           45    i.__ARM_common_switch8  main.o
    0x0000436c   0x0000436c   0x00000078   Code   RO         3171    i.__NVIC_SetPriority  cw32l010_systick.o
    0x000043e4   0x000043e4   0x0000000e   Code   RO         4223    i.__scatterload_copy  mc_p.l(handlers.o)
    0x000043f2   0x000043f2   0x00000002   Code   RO         4224    i.__scatterload_null  mc_p.l(handlers.o)
    0x000043f4   0x000043f4   0x0000000e   Code   RO         4225    i.__scatterload_zeroinit  mc_p.l(handlers.o)
    0x00004402   0x00004402   0x00000002   Code   RO           13    i.assert_failed     main.o
    0x00004404   0x00004404   0x00000084   Code   RO           14    i.bsp_init          main.o
    0x00004488   0x00004488   0x00000034   Code   RO          450    i.calculateTemperature  user_adc.o
    0x000044bc   0x000044bc   0x00000144   Code   RO          589    i.decimal_display   user_lcd.o
    0x00004600   0x00004600   0x0000004c   Code   RO          590    i.display           user_lcd.o
    0x0000464c   0x0000464c   0x00000010   Code   RO          344    i.led1_deint        user_gpio.o
    0x0000465c   0x0000465c   0x0000003c   Code   RO          345    i.led1_init         user_gpio.o
    0x00004698   0x00004698   0x0000000e   Code   RO          346    i.led2_deint        user_gpio.o
    0x000046a6   0x000046a6   0x0000003e   Code   RO          347    i.led2_init         user_gpio.o
    0x000046e4   0x000046e4   0x00000068   Code   RO           15    i.main              main.o
    0x0000474c   0x0000474c   0x000000dc   Code   RO          785    i.protect           user_protect.o
    0x00004828   0x00004828   0x0000010c   Code   RO          591    i.tens_display      user_lcd.o
    0x00004934   0x00004934   0x00000120   Code   RO          592    i.units_display     user_lcd.o
    0x00004a54   0x00004a54   0x00000040   Data   RO         2938    .constdata          cw32l010_sysctrl.o
    0x00004a94   0x00004a94   0x00000020   Data   RO         4221    Region$$Table       anon$$obj.o


    Execution Region RW_IRAM1 (Exec base: 0x20000000, Load base: 0x00004ab4, Size: 0x00000380, Max: 0x00001000, ABSOLUTE)

    Exec Addr    Load Addr    Size         Type   Attr      Idx    E Section Name        Object

    0x20000000   0x00004ab4   0x00000015   Data   RW          348    .data               user_gpio.o
    0x20000015   0x00004ac9   0x00000003   PAD
    0x20000018   0x00004acc   0x00000016   Data   RW          452    .data               user_adc.o
    0x2000002e   0x00004ae2   0x00000004   Data   RW          523    .data               user_pwm.o
    0x20000032   0x00004ae6   0x00000007   Data   RW          594    .data               user_lcd.o
    0x20000039   0x00004aed   0x00000002   Data   RW          719    .data               task.o
    0x2000003b   0x00004aef   0x00000013   Data   RW          786    .data               user_protect.o
    0x2000004e   0x00004b02   0x00000002   PAD
    0x20000050   0x00004b04   0x00000036   Data   RW          831    .data               user_charger.o
    0x20000086   0x00004b3a   0x00000002   PAD
    0x20000088   0x00004b3c   0x0000000a   Data   RW          974    .data               user_flash.o
    0x20000092   0x00004b46   0x00000002   PAD
    0x20000094   0x00004b48   0x00000009   Data   RW         3172    .data               cw32l010_systick.o
    0x2000009d   0x00004b51   0x00000003   PAD
    0x200000a0   0x00004b54   0x00000004   Data   RW         3675    .data               system_cw32l010.o
    0x200000a4        -       0x00000064   Zero   RW          451    .bss                user_adc.o
    0x20000108        -       0x0000000a   Zero   RW          522    .bss                user_pwm.o
    0x20000112        -       0x00000021   Zero   RW          593    .bss                user_lcd.o
    0x20000133   0x00004b58   0x00000001   PAD
    0x20000134        -       0x0000001c   Zero   RW          718    .bss                task.o
    0x20000150        -       0x00000020   Zero   RW          830    .bss                user_charger.o
    0x20000170        -       0x0000000a   Zero   RW          973    .bss                user_flash.o
    0x2000017a   0x00004b58   0x00000006   PAD
    0x20000180        -       0x00000200   Zero   RW            1    STACK               startup_cw32l010.o


==============================================================================

Image component sizes


      Code (inc. data)   RO Data    RW Data    ZI Data      Debug   Object Name

       830        138          0          0          0       5082   cw32l010_adc.o
       308         20          0          0          0       3085   cw32l010_gpio.o
      1408        430          0          0          0       6375   cw32l010_gtim.o
       500        130          0          0          0       2815   cw32l010_iwdt.o
       860        242         64          0          0       4798   cw32l010_sysctrl.o
       348         54          0          9          0      11949   cw32l010_systick.o
        86          8          0          0          0      11081   interrupts_cw32l010.o
       266         38          0          0          0     143857   main.o
        40         14        192          0        512        664   startup_cw32l010.o
        76         18          0          4          0       1183   system_cw32l010.o
       252         50          0          2         28       4050   task.o
      1012        102          0         22        100      14037   user_adc.o
      3568        402          0         54         32       9664   user_charger.o
       834         94          0         10         10       5256   user_flash.o
       964        102          0         21          0       9135   user_gpio.o
      4044        194          0          7         33      11781   user_lcd.o
       840        162          0         19          0       2569   user_protect.o
       788        116          0          4         10       5085   user_pwm.o

    ----------------------------------------------------------------------
     17048       2314        288        164        732     252466   Object Totals
         0          0         32          0          0          0   (incl. Generated)
        24          0          0         12          7          0   (incl. Padding)

    ----------------------------------------------------------------------

      Code (inc. data)   RO Data    RW Data    ZI Data      Debug   Library Member Name

         0          0          0          0          0          0   entry.o
         0          0          0          0          0          0   entry10a.o
         0          0          0          0          0          0   entry11a.o
         4          0          0          0          0          0   entry12b.o
         8          4          0          0          0          0   entry2.o
         4          0          0          0          0          0   entry5.o
         0          0          0          0          0          0   entry7b.o
         0          0          0          0          0          0   entry8b.o
         8          4          0          0          0          0   entry9a.o
        30          0          0          0          0          0   handlers.o
        40          0          0          0          0         72   idiv.o
        36          8          0          0          0         68   init.o
         0          0          0          0          0          0   iusefp.o
        32          0          0          0          0         68   llshl.o
        38          0          0          0          0         68   llsshr.o
        34          0          0          0          0         68   llushr.o
        36          0          0          0          0        100   memseta.o
        44          0          0          0          0         72   uidiv.o
        20          0          0          0          0         68   cfcmple.o
        20          0          0          0          0         68   cfrcmple.o
        56          0          0          0          0         68   d2f.o
       360          6          0          0          0        140   dadd.o
       236          0          0          0          0        216   depilogue.o
        60         10          0          0          0         68   dfixui.o
        40          6          0          0          0         68   dflti.o
       208          6          0          0          0         88   dmul.o
        40          0          0          0          0         60   f2d.o
       124          0          0          0          0         72   fdiv.o
       130          0          0          0          0        144   fepilogue.o
        40          0          0          0          0         60   ffixui.o
        14          0          0          0          0         68   ffltui.o
       122          0          0          0          0         72   fmul.o

    ----------------------------------------------------------------------
      1788         44          0          0          0       1776   Library Totals
         4          0          0          0          0          0   (incl. Padding)

    ----------------------------------------------------------------------

      Code (inc. data)   RO Data    RW Data    ZI Data      Debug   Library Name

       314         16          0          0          0        516   mc_p.l
      1470         28          0          0          0       1260   mf_p.l

    ----------------------------------------------------------------------
      1788         44          0          0          0       1776   Library Totals

    ----------------------------------------------------------------------

==============================================================================


      Code (inc. data)   RO Data    RW Data    ZI Data      Debug   

     18836       2358        288        164        732     247206   Grand Totals
     18836       2358        288        164        732     247206   ELF Image Totals
     18836       2358        288        164          0          0   ROM Totals

==============================================================================

    Total RO  Size (Code + RO Data)                19124 (  18.68kB)
    Total RW  Size (RW Data + ZI Data)               896 (   0.88kB)
    Total ROM Size (Code + RO Data + RW Data)      19288 (  18.84kB)

==============================================================================

